Error#2026-06-08 15:00:14: index.aspx_Error:关键字 'or' 附近有语法错误。-   在 System.Data.SqlClient.SqlConnection.OnError(SqlException exception, Boolean breakConnection, Action`1 wrapCloseInAction)
   在 System.Data.SqlClient.TdsParser.ThrowExceptionAndWarning(TdsParserStateObject stateObj, Boolean callerHasConnectionLock, Boolean asyncClose)
   在 System.Data.SqlClient.TdsParser.TryRun(RunBehavior runBehavior, SqlCommand cmdHandler, SqlDataReader dataStream, BulkCopySimpleResultSet bulkCopyHandler, TdsParserStateObject stateObj, Boolean& dataReady)
   在 System.Data.SqlClient.SqlDataReader.TryConsumeMetaData()
   在 System.Data.SqlClient.SqlDataReader.get_MetaData()
   在 System.Data.SqlClient.SqlCommand.FinishExecuteReader(SqlDataReader ds, RunBehavior runBehavior, String resetOptionsString, Boolean isInternal, Boolean forDescribeParameterEncryption, Boolean shouldCacheForAlwaysEncrypted)
   在 System.Data.SqlClient.SqlCommand.RunExecuteReaderTds(CommandBehavior cmdBehavior, RunBehavior runBehavior, Boolean returnStream, Boolean async, Int32 timeout, Task& task, Boolean asyncWrite, Boolean inRetry, SqlDataReader ds, Boolean describeParameterEncryptionRequest)
   在 System.Data.SqlClient.SqlCommand.RunExecuteReader(CommandBehavior cmdBehavior, RunBehavior runBehavior, Boolean returnStream, String method, TaskCompletionSource`1 completion, Int32 timeout, Task& task, Boolean& usedCache, Boolean asyncWrite, Boolean inRetry)
   在 System.Data.SqlClient.SqlCommand.RunExecuteReader(CommandBehavior cmdBehavior, RunBehavior runBehavior, Boolean returnStream, String method)
   在 System.Data.SqlClient.SqlCommand.ExecuteReader(CommandBehavior behavior, String method)
   在 System.Data.Common.DbDataAdapter.FillInternal(DataSet dataset, DataTable[] datatables, Int32 startRecord, Int32 maxRecords, String srcTable, IDbCommand command, CommandBehavior behavior)
   在 System.Data.Common.DbDataAdapter.Fill(DataTable[] dataTables, Int32 startRecord, Int32 maxRecords, IDbCommand command, CommandBehavior behavior)
   在 System.Data.Common.DbDataAdapter.Fill(DataTable dataTable)
   在 DAL.DBHelper.GetDataTable(CommandType cmdType, String cmdText, SqlParameter[] commandParameters) 位置 F:\MAIYA3D网站代码\数据库pj完整源码_最终交付版\DAL\DBHelper.cs:行号 493
   在 DAL.DALCommon`1.GetDatatable(String sql) 位置 F:\MAIYA3D网站代码\数据库pj完整源码_最终交付版\DAL\DALCommon.cs:行号 635
   在 BLL.BLLBase`1.GetDatatable(String sql) 位置 F:\MAIYA3D网站代码\数据库pj完整源码_最终交付版\BLL\BLLBase.cs:行号 256
   在 Web.index.BindFeaturedLiterature() 位置 F:\MAIYA3D网站代码\数据库pj完整源码_最终交付版\Web\index.aspx.cs:行号 139
   在 Web.index.Page_Load(Object sender, EventArgs e) 位置 F:\MAIYA3D网站代码\数据库pj完整源码_最终交付版\Web\index.aspx.cs:行号 33
Error#2026-06-08 15:00:56: index.aspx_Error:关键字 'or' 附近有语法错误。-   在 System.Data.SqlClient.SqlConnection.OnError(SqlException exception, Boolean breakConnection, Action`1 wrapCloseInAction)
   在 System.Data.SqlClient.TdsParser.ThrowExceptionAndWarning(TdsParserStateObject stateObj, Boolean callerHasConnectionLock, Boolean asyncClose)
   在 System.Data.SqlClient.TdsParser.TryRun(RunBehavior runBehavior, SqlCommand cmdHandler, SqlDataReader dataStream, BulkCopySimpleResultSet bulkCopyHandler, TdsParserStateObject stateObj, Boolean& dataReady)
   在 System.Data.SqlClient.SqlDataReader.TryConsumeMetaData()
   在 System.Data.SqlClient.SqlDataReader.get_MetaData()
   在 System.Data.SqlClient.SqlCommand.FinishExecuteReader(SqlDataReader ds, RunBehavior runBehavior, String resetOptionsString, Boolean isInternal, Boolean forDescribeParameterEncryption, Boolean shouldCacheForAlwaysEncrypted)
   在 System.Data.SqlClient.SqlCommand.RunExecuteReaderTds(CommandBehavior cmdBehavior, RunBehavior runBehavior, Boolean returnStream, Boolean async, Int32 timeout, Task& task, Boolean asyncWrite, Boolean inRetry, SqlDataReader ds, Boolean describeParameterEncryptionRequest)
   在 System.Data.SqlClient.SqlCommand.RunExecuteReader(CommandBehavior cmdBehavior, RunBehavior runBehavior, Boolean returnStream, String method, TaskCompletionSource`1 completion, Int32 timeout, Task& task, Boolean& usedCache, Boolean asyncWrite, Boolean inRetry)
   在 System.Data.SqlClient.SqlCommand.RunExecuteReader(CommandBehavior cmdBehavior, RunBehavior runBehavior, Boolean returnStream, String method)
   在 System.Data.SqlClient.SqlCommand.ExecuteReader(CommandBehavior behavior, String method)
   在 System.Data.Common.DbDataAdapter.FillInternal(DataSet dataset, DataTable[] datatables, Int32 startRecord, Int32 maxRecords, String srcTable, IDbCommand command, CommandBehavior behavior)
   在 System.Data.Common.DbDataAdapter.Fill(DataTable[] dataTables, Int32 startRecord, Int32 maxRecords, IDbCommand command, CommandBehavior behavior)
   在 System.Data.Common.DbDataAdapter.Fill(DataTable dataTable)
   在 DAL.DBHelper.GetDataTable(CommandType cmdType, String cmdText, SqlParameter[] commandParameters) 位置 F:\MAIYA3D网站代码\数据库pj完整源码_最终交付版\DAL\DBHelper.cs:行号 493
   在 DAL.DALCommon`1.GetDatatable(String sql) 位置 F:\MAIYA3D网站代码\数据库pj完整源码_最终交付版\DAL\DALCommon.cs:行号 635
   在 BLL.BLLBase`1.GetDatatable(String sql) 位置 F:\MAIYA3D网站代码\数据库pj完整源码_最终交付版\BLL\BLLBase.cs:行号 256
   在 Web.index.BindFeaturedLiterature() 位置 F:\MAIYA3D网站代码\数据库pj完整源码_最终交付版\Web\index.aspx.cs:行号 139
   在 Web.index.Page_Load(Object sender, EventArgs e) 位置 F:\MAIYA3D网站代码\数据库pj完整源码_最终交付版\Web\index.aspx.cs:行号 33
Error#2026-06-08 15:18:42: PdfParse.ashx_Error:PDF 解析超时，请稍后重试-   在 Web.admin.PdfParse.TryParseByPython(HttpContext context, String pdfPath) 位置 F:\MAIYA3D网站代码\数据库pj完整源码_最终交付版\Web\admin\PdfParse.ashx.cs:行号 266
   在 Web.admin.PdfParse.ProcessRequest(HttpContext context) 位置 F:\MAIYA3D网站代码\数据库pj完整源码_最终交付版\Web\admin\PdfParse.ashx.cs:行号 61
